[]
[1, 2, 3, 4, 5]
[1, "two", 3.0, true, null]
1
5
[2, 3]
5
"1,2,3,4,5"
[2, 4, 6, 8, 10]
[3, 4, 5]
15
[1, 2, 3, 4, 5, 6]
6
[0, 1, 2, 3, 4, 5]
0
[1, 2, 3, 4, 5]
true
2
4
