10.5
2.5
13.0
8.0
26.25
4.2
0.5
error
10.5
true
false
true
false
false
true
-0.0
1.0
9999999999999999999999999999.9999999999
1E-28
