123.456
42
3.14
19.99
"19.99"
19.99
19
0.000123
1234.56
79228162514264337593543950335
0.0000000000000000000000000001
1
