0.3
0.3
true
19.99
29.99
true
true
true
true
true
1.0
1.00
true
false
false
error
0.0
-0.0
true
1
