0.3
1.23456789
1.23
1.24
1.23
1.0000000000000000000000000001
1.0
0.0000000000000000000000000001
1.23
1.2000
0.3333333333333333333333333333
1
