0.30000000000000004
0.1
5e-324
1.8e+308
1e-323
NaN
true
Infinity
-Infinity
true
0
-0
true
