3.14159
2.71828
5.85987
0.42331
8.53973
1.15573
7.28318
3.33333
6.022e+23
1.6e-19
Infinity
-Infinity
NaN
