0.30000000000000004
0.3
false
1e-10
true
NaN
Infinity
-Infinity
false
true
true
true
true
false
