3.14
42
1.0
0.0
3.14159
"3.14159"
3
true
false
NaN
Infinity
"NaN"
"Infinity"
0.000123
3.40282e+38
