
5
10
5
false
true
true
false
true
false
true
true
false
true
false
false
false
1
