09:15:42 [NOTICE] Start transpiling test/std/core/datatypes/map_basic.ls...
09:15:42 [ERROR] Syntax tree has errors.
09:15:42 [ERROR] Syntax error at Ln 21, Col 1 - 21, Col 14: ERROR
09:15:42 [ERROR] ERROR node at Ln 21, Col 1 - 21, Col 14
09:15:42 [ERROR] Syntax error at Ln 22, Col 1 - 22, Col 20: ERROR
09:15:42 [ERROR] ERROR node at Ln 22, Col 1 - 22, Col 20
09:15:42 [ERROR] Syntax error at Ln 23, Col 13 - 23, Col 14: ERROR
09:15:42 [ERROR] ERROR node at Ln 23, Col 13 - 23, Col 14
09:15:42 [ERROR] Error: Failed to compile the function.
##### Script 'test/std/core/datatypes/map_basic.ls' executed: #####
null
