09:15:42 [NOTICE] Start transpiling test/std/core/datatypes/truthy_falsy.ls...
09:15:42 [ERROR] Syntax tree has errors.
09:15:42 [ERROR] Syntax error at Ln 7, Col 10 - 7, Col 12: ERROR
09:15:42 [ERROR] ERROR node at Ln 7, Col 10 - 7, Col 12
09:15:42 [ERROR] Syntax error at Ln 8, Col 10 - 8, Col 12: ERROR
09:15:42 [ERROR] ERROR node at Ln 8, Col 10 - 8, Col 12
09:15:42 [ERROR] Syntax error at Ln 9, Col 10 - 18, Col 18: ERROR
09:15:42 [ERROR] ERROR node at Ln 9, Col 10 - 18, Col 18
09:15:42 [ERROR] Syntax error at Ln 25, Col 22 - 25, Col 29: ERROR
09:15:42 [ERROR] ERROR node at Ln 25, Col 22 - 25, Col 29
09:15:42 [ERROR] Syntax error at Ln 27, Col 24 - 27, Col 32: ERROR
09:15:42 [ERROR] ERROR node at Ln 27, Col 24 - 27, Col 32
09:15:42 [ERROR] Missing node at Ln 31, Col 1: expected "
09:15:42 [ERROR] Error: Failed to compile the function.
##### Script 'test/std/core/datatypes/truthy_falsy.ls' executed: #####
null
